// Jest Snapshot v1, https://goo.gl/fbAQLP

exports[`It should render with the initial value 1`] = `
<TextInput
  allowFontScaling={true}
  editable={false}
  rejectResponderTermination={true}
  underlineColorAndroid="transparent"
  value="100"
/>
`;
